Copyright 1986-2022 Xilinx, Inc. All Rights Reserved. Copyright 2022-2024 Advanced Micro Devices, Inc. All Rights Reserved.
--------------------------------------------------------------------------------------------------------------------------------------------------
| Tool Version      : Vivado v.2024.1 (lin64) Build 5076996 Wed May 22 18:36:09 MDT 2024
| Date              : Sun Aug  2 20:34:31 2026
| Host              : fabio-HP-Notebook running 64-bit Ubuntu 26.04 LTS
| Command           : report_timing_summary -delay_type min_max -file /home/fabio/AltoNivel/DFS/src/vivado/reports/timing_summary_204mhz.rpt
| Design            : system_wrapper
| Device            : xck26-sfvc784
| Speed File        : -2LV  PRODUCTION 1.30 05-15-2022
| Design State      : Routed
| Temperature Grade : C
--------------------------------------------------------------------------------------------------------------------------------------------------

Timing Summary Report

------------------------------------------------------------------------------------------------
| Timer Settings
| --------------
------------------------------------------------------------------------------------------------

  Enable Multi Corner Analysis               :  Yes
  Enable Pessimism Removal                   :  Yes
  Pessimism Removal Resolution               :  Nearest Common Node
  Enable Input Delay Default Clock           :  No
  Enable Preset / Clear Arcs                 :  No
  Disable Flight Delays                      :  No
  Ignore I/O Paths                           :  No
  Timing Early Launch at Borrowing Latches   :  No
  Borrow Time for Max Delay Exceptions       :  Yes
  Merge Timing Exceptions                    :  Yes
  Inter-SLR Compensation                     :  Conservative

  Corner  Analyze    Analyze    
  Name    Max Paths  Min Paths  
  ------  ---------  ---------  
  Slow    Yes        Yes        
  Fast    Yes        Yes        


------------------------------------------------------------------------------------------------
| Report Methodology
| ------------------
------------------------------------------------------------------------------------------------

No report available as report_methodology has not been run prior. Run report_methodology on the current design for the summary of methodology violations.



check_timing report

Table of Contents
-----------------
1. checking no_clock (0)
2. checking constant_clock (0)
3. checking pulse_width_clock (0)
4. checking unconstrained_internal_endpoints (0)
5. checking no_input_delay (0)
6. checking no_output_delay (0)
7. checking multiple_clock (0)
8. checking generated_clocks (0)
9. checking loops (0)
10. checking partial_input_delay (0)
11. checking partial_output_delay (0)
12. checking latch_loops (0)

1. checking no_clock (0)
------------------------
 There are 0 register/latch pins with no clock.


2. checking constant_clock (0)
------------------------------
 There are 0 register/latch pins with constant_clock.


3. checking pulse_width_clock (0)
---------------------------------
 There are 0 register/latch pins which need pulse_width check


4. checking unconstrained_internal_endpoints (0)
------------------------------------------------
 There are 0 pins that are not constrained for maximum delay.

 There are 0 pins that are not constrained for maximum delay due to constant clock.


5. checking no_input_delay (0)
------------------------------
 There are 0 input ports with no input delay specified.

 There are 0 input ports with no input delay but user has a false path constraint.


6. checking no_output_delay (0)
-------------------------------
 There are 0 ports with no output delay specified.

 There are 0 ports with no output delay but user has a false path constraint

 There are 0 ports with no output delay but with a timing clock defined on it or propagating through it


7. checking multiple_clock (0)
------------------------------
 There are 0 register/latch pins with multiple clocks.


8. checking generated_clocks (0)
--------------------------------
 There are 0 generated clocks that are not connected to a clock source.


9. checking loops (0)
---------------------
 There are 0 combinational loops in the design.


10. checking partial_input_delay (0)
------------------------------------
 There are 0 input ports with partial input delay specified.


11. checking partial_output_delay (0)
-------------------------------------
 There are 0 ports with partial output delay specified.


12. checking latch_loops (0)
----------------------------
 There are 0 combinational latch loops in the design through latch input



------------------------------------------------------------------------------------------------
| Design Timing Summary
| ---------------------
------------------------------------------------------------------------------------------------

    WNS(ns)      TNS(ns)  TNS Failing Endpoints  TNS Total Endpoints      WHS(ns)      THS(ns)  THS Failing Endpoints  THS Total Endpoints     WPWS(ns)     TPWS(ns)  TPWS Failing Endpoints  TPWS Total Endpoints  
    -------      -------  ---------------------  -------------------      -------      -------  ---------------------  -------------------     --------     --------  ----------------------  --------------------  
      0.084        0.000                      0                55598        0.010        0.000                      0                55598        1.000        0.000                       0                 15326  


All user specified timing constraints are met.


------------------------------------------------------------------------------------------------
| Clock Summary
| -------------
------------------------------------------------------------------------------------------------

Clock     Waveform(ns)         Period(ns)      Frequency(MHz)
-----     ------------         ----------      --------------
clk_pl_0  {0.000 2.500}        5.000           200.000         
clk_pl_1  {0.000 5.000}        10.000          100.000         


------------------------------------------------------------------------------------------------
| Intra Clock Table
| -----------------
------------------------------------------------------------------------------------------------

Clock             WNS(ns)      TNS(ns)  TNS Failing Endpoints  TNS Total Endpoints      WHS(ns)      THS(ns)  THS Failing Endpoints  THS Total Endpoints     WPWS(ns)     TPWS(ns)  TPWS Failing Endpoints  TPWS Total Endpoints  
-----             -------      -------  ---------------------  -------------------      -------      -------  ---------------------  -------------------     --------     --------  ----------------------  --------------------  
clk_pl_0            0.084        0.000                      0                55598        0.010        0.000                      0                55598        1.000        0.000                       0                 15326  


------------------------------------------------------------------------------------------------
| Inter Clock Table
| -----------------
------------------------------------------------------------------------------------------------

From Clock    To Clock          WNS(ns)      TNS(ns)  TNS Failing Endpoints  TNS Total Endpoints      WHS(ns)      THS(ns)  THS Failing Endpoints  THS Total Endpoints  
----------    --------          -------      -------  ---------------------  -------------------      -------      -------  ---------------------  -------------------  


------------------------------------------------------------------------------------------------
| Other Path Groups Table
| -----------------------
------------------------------------------------------------------------------------------------

Path Group    From Clock    To Clock          WNS(ns)      TNS(ns)  TNS Failing Endpoints  TNS Total Endpoints      WHS(ns)      THS(ns)  THS Failing Endpoints  THS Total Endpoints  
----------    ----------    --------          -------      -------  ---------------------  -------------------      -------      -------  ---------------------  -------------------  


------------------------------------------------------------------------------------------------
| Timing Details
| --------------
------------------------------------------------------------------------------------------------


---------------------------------------------------------------------------------------------------
From Clock:  clk_pl_0
  To Clock:  clk_pl_0

Setup :            0  Failing Endpoints,  Worst Slack        0.084ns,  Total Violation        0.000ns
Hold  :            0  Failing Endpoints,  Worst Slack        0.010ns,  Total Violation        0.000ns
PW    :            0  Failing Endpoints,  Worst Slack        1.000ns,  Total Violation        0.000ns
---------------------------------------------------------------------------------------------------


Max Delay Paths
--------------------------------------------------------------------------------------
Slack (MET) :             0.084ns  (required time - arrival time)
  Source:                 system_i/dfs_accel_0/inst/grp_p_anonymous_namespace_run_unique_paths_iii_fu_823/mul_32s_32s_32_1_1_U483/tmp_product_carry_i_6_psdsp/C
                            (rising edge-triggered cell FDRE clocked by clk_pl_0  {rise@0.000ns fall@2.500ns period=5.000ns})
  Destination:            system_i/dfs_accel_0/inst/p_anonymous_namespace_engine_visited_U/ram_reg_bram_0/WEA[0]
                            (rising edge-triggered cell RAMB18E2 clocked by clk_pl_0  {rise@0.000ns fall@2.500ns period=5.000ns})
  Path Group:             clk_pl_0
  Path Type:              Setup (Max at Slow Process Corner)
  Requirement:            5.000ns  (clk_pl_0 rise@5.000ns - clk_pl_0 rise@0.000ns)
  Data Path Delay:        3.783ns  (logic 1.125ns (29.738%)  route 2.658ns (70.262%))
  Logic Levels:           8  (CARRY8=3 LUT5=2 LUT6=3)
  Clock Path Skew:        -0.392ns (DCD - SCD + CPR)
    Destination Clock Delay (DCD):    2.585ns = ( 7.585 - 5.000 ) 
    Source Clock Delay      (SCD):    3.138ns
    Clock Pessimism Removal (CPR):    0.161ns
  Clock Uncertainty:      0.129ns  ((TSJ^2 + DJ^2)^1/2) / 2 + PE
    Total System Jitter     (TSJ):    0.071ns
    Discrete Jitter          (DJ):    0.248ns
    Phase Error              (PE):    0.000ns
  Clock Net Delay (Source):      2.871ns (routing 1.304ns, distribution 1.567ns)
  Clock Net Delay (Destination): 2.369ns (routing 1.194ns, distribution 1.175ns)

    Location             Delay type                Incr(ns)  Path(ns)    Netlist Resource(s)
  -------------------------------------------------------------------    -------------------
                         (clock clk_pl_0 rise edge)
                                                      0.000     0.000 r  
    PS8_X0Y0             PS8                          0.000     0.000 r  system_i/zynq_ultra_ps_e_0/inst/PS8_i/PLCLK[0]
                         net (fo=1, routed)           0.229     0.229    system_i/zynq_ultra_ps_e_0/inst/pl_clk_unbuffered[0]
    BUFG_PS_X0Y80        BUFG_PS (Prop_BUFG_PS_I_O)
                                                      0.038     0.267 r  system_i/zynq_ultra_ps_e_0/inst/buffer_pl_clk_0.PL_CLK_0_BUFG/O
    X1Y2 (CLOCK_ROOT)    net (fo=15569, routed)       2.871     3.138    system_i/dfs_accel_0/inst/grp_p_anonymous_namespace_run_unique_paths_iii_fu_823/mul_32s_32s_32_1_1_U483/ap_clk
    SLICE_X15Y180        FDRE                                         r  system_i/dfs_accel_0/inst/grp_p_anonymous_namespace_run_unique_paths_iii_fu_823/mul_32s_32s_32_1_1_U483/tmp_product_carry_i_6_psdsp/C
  -------------------------------------------------------------------    -------------------
    SLICE_X15Y180        FDRE (Prop_AFF2_SLICEL_C_Q)
                                                      0.116     3.254 r  system_i/dfs_accel_0/inst/grp_p_anonymous_namespace_run_unique_paths_iii_fu_823/mul_32s_32s_32_1_1_U483/tmp_product_carry_i_6_psdsp/Q
                         net (fo=2, routed)           0.345     3.599    system_i/dfs_accel_0/inst/grp_p_anonymous_namespace_run_unique_paths_iii_fu_823/mul_32s_32s_32_1_1_U483/P[1]
    SLICE_X15Y179        CARRY8 (Prop_CARRY8_SLICEL_DI[2]_O[7])
                                                      0.275     3.874 r  system_i/dfs_accel_0/inst/grp_p_anonymous_namespace_run_unique_paths_iii_fu_823/mul_32s_32s_32_1_1_U483/tmp_product_carry/O[7]
                         net (fo=1, routed)           0.159     4.033    system_i/dfs_accel_0/inst/grp_p_anonymous_namespace_run_unique_paths_iii_fu_823/grp_p_anonymous_namespace_run_unique_paths_iii_Pipeline_VITIS_LOOP_71_1_fu_158/flow_control_loop_pipe_sequential_init_U/mul_i_i_reg_379[7]
    SLICE_X15Y178        LUT6 (Prop_E6LUT_SLICEL_I0_O)
                                                      0.223     4.256 r  system_i/dfs_accel_0/inst/grp_p_anonymous_namespace_run_unique_paths_iii_fu_823/grp_p_anonymous_namespace_run_unique_paths_iii_Pipeline_VITIS_LOOP_71_1_fu_158/flow_control_loop_pipe_sequential_init_U/icmp_ln71_fu_54_p2_carry_i_9/O
                         net (fo=1, routed)           0.184     4.440    system_i/dfs_accel_0/inst/grp_p_anonymous_namespace_run_unique_paths_iii_fu_823/grp_p_anonymous_namespace_run_unique_paths_iii_Pipeline_VITIS_LOOP_71_1_fu_158/flow_control_loop_pipe_sequential_init_U/icmp_ln71_fu_54_p2_carry_i_9_n_2
    SLICE_X17Y179        LUT5 (Prop_H6LUT_SLICEM_I0_O)
                                                      0.060     4.500 r  system_i/dfs_accel_0/inst/grp_p_anonymous_namespace_run_unique_paths_iii_fu_823/grp_p_anonymous_namespace_run_unique_paths_iii_Pipeline_VITIS_LOOP_71_1_fu_158/flow_control_loop_pipe_sequential_init_U/icmp_ln71_fu_54_p2_carry_i_1/O
                         net (fo=1, routed)           0.021     4.521    system_i/dfs_accel_0/inst/grp_p_anonymous_namespace_run_unique_paths_iii_fu_823/grp_p_anonymous_namespace_run_unique_paths_iii_Pipeline_VITIS_LOOP_71_1_fu_158/flow_control_loop_pipe_sequential_init_U_n_4
    SLICE_X17Y179        CARRY8 (Prop_CARRY8_SLICEM_S[7]_CO[7])
                                                      0.175     4.696 f  system_i/dfs_accel_0/inst/grp_p_anonymous_namespace_run_unique_paths_iii_fu_823/grp_p_anonymous_namespace_run_unique_paths_iii_Pipeline_VITIS_LOOP_71_1_fu_158/icmp_ln71_fu_54_p2_carry/CO[7]
                         net (fo=1, routed)           0.030     4.726    system_i/dfs_accel_0/inst/grp_p_anonymous_namespace_run_unique_paths_iii_fu_823/grp_p_anonymous_namespace_run_unique_paths_iii_Pipeline_VITIS_LOOP_71_1_fu_158/icmp_ln71_fu_54_p2_carry_n_2
    SLICE_X17Y180        CARRY8 (Prop_CARRY8_SLICEM_CI_CO[2])
                                                      0.079     4.805 f  system_i/dfs_accel_0/inst/grp_p_anonymous_namespace_run_unique_paths_iii_fu_823/grp_p_anonymous_namespace_run_unique_paths_iii_Pipeline_VITIS_LOOP_71_1_fu_158/icmp_ln71_fu_54_p2_carry__0/CO[2]
                         net (fo=7, routed)           0.881     5.686    system_i/dfs_accel_0/inst/grp_p_anonymous_namespace_run_unique_paths_iii_fu_823/grp_p_anonymous_namespace_run_unique_paths_iii_Pipeline_VITIS_LOOP_71_1_fu_158/flow_control_loop_pipe_sequential_init_U/CO[0]
    SLICE_X25Y164        LUT6 (Prop_A6LUT_SLICEM_I1_O)
                                                      0.058     5.744 r  system_i/dfs_accel_0/inst/grp_p_anonymous_namespace_run_unique_paths_iii_fu_823/grp_p_anonymous_namespace_run_unique_paths_iii_Pipeline_VITIS_LOOP_71_1_fu_158/flow_control_loop_pipe_sequential_init_U/ram_reg_bram_0_i_182/O
                         net (fo=1, routed)           0.284     6.028    system_i/dfs_accel_0/inst/grp_p_anonymous_namespace_run_unique_paths_iii_fu_823/grp_p_anonymous_namespace_run_unique_paths_iii_Pipeline_VITIS_LOOP_209_3_fu_177/ram_reg_bram_0_2
    SLICE_X25Y149        LUT5 (Prop_A6LUT_SLICEM_I0_O)
                                                      0.058     6.086 r  system_i/dfs_accel_0/inst/grp_p_anonymous_namespace_run_unique_paths_iii_fu_823/grp_p_anonymous_namespace_run_unique_paths_iii_Pipeline_VITIS_LOOP_209_3_fu_177/ram_reg_bram_0_i_71/O
                         net (fo=1, routed)           0.380     6.466    system_i/dfs_accel_0/inst/grp_p_anonymous_namespace_run_word_search_trie_fu_696/grp_p_anonymous_namespace_enter_trie_fu_593/ram_reg_bram_0_1
    SLICE_X23Y156        LUT6 (Prop_F6LUT_SLICEL_I3_O)
                                                      0.081     6.547 r  system_i/dfs_accel_0/inst/grp_p_anonymous_namespace_run_word_search_trie_fu_696/grp_p_anonymous_namespace_enter_trie_fu_593/ram_reg_bram_0_i_15__0/O
                         net (fo=2, routed)           0.374     6.921    system_i/dfs_accel_0/inst/p_anonymous_namespace_engine_visited_U/WEA[0]
    RAMB18_X0Y62         RAMB18E2                                     r  system_i/dfs_accel_0/inst/p_anonymous_namespace_engine_visited_U/ram_reg_bram_0/WEA[0]
  -------------------------------------------------------------------    -------------------

                         (clock clk_pl_0 rise edge)
                                                      5.000     5.000 r  
    PS8_X0Y0             PS8                          0.000     5.000 r  system_i/zynq_ultra_ps_e_0/inst/PS8_i/PLCLK[0]
                         net (fo=1, routed)           0.181     5.181    system_i/zynq_ultra_ps_e_0/inst/pl_clk_unbuffered[0]
    BUFG_PS_X0Y80        BUFG_PS (Prop_BUFG_PS_I_O)
                                                      0.035     5.216 r  system_i/zynq_ultra_ps_e_0/inst/buffer_pl_clk_0.PL_CLK_0_BUFG/O
    X1Y2 (CLOCK_ROOT)    net (fo=15569, routed)       2.369     7.585    system_i/dfs_accel_0/inst/p_anonymous_namespace_engine_visited_U/ap_clk
    RAMB18_X0Y62         RAMB18E2                                     r  system_i/dfs_accel_0/inst/p_anonymous_namespace_engine_visited_U/ram_reg_bram_0/CLKARDCLK
                         clock pessimism              0.161     7.746    
                         clock uncertainty           -0.129     7.617    
    RAMB18_X0Y62         RAMB18E2 (Setup_RAMB18E2_L_RAMB180_CLKARDCLK_WEA[0])
                                                     -0.611     7.006    system_i/dfs_accel_0/inst/p_anonymous_namespace_engine_visited_U/ram_reg_bram_0
  -------------------------------------------------------------------
                         required time                          7.006    
                         arrival time                          -6.921    
  -------------------------------------------------------------------
                         slack                                  0.084    





Min Delay Paths
--------------------------------------------------------------------------------------
Slack (MET) :             0.010ns  (arrival time - required time)
  Source:                 system_i/dfs_accel_0/inst/control_s_axi_U/rdata_reg[17]/C
                            (rising edge-triggered cell FDRE clocked by clk_pl_0  {rise@0.000ns fall@2.500ns period=5.000ns})
  Destination:            system_i/smartconnect_ctrl/inst/s00_nodes/s00_r_node/inst/inst_mi_handler/gen_normal_area.inst_fifo_node_payld/gen_reg_fifo.inst_reg_fifo/gen_single_rank.data_reg[38]/D
                            (rising edge-triggered cell FDRE clocked by clk_pl_0  {rise@0.000ns fall@2.500ns period=5.000ns})
  Path Group:             clk_pl_0
  Path Type:              Hold (Min at Slow Process Corner)
  Requirement:            0.000ns  (clk_pl_0 rise@0.000ns - clk_pl_0 rise@0.000ns)
  Data Path Delay:        0.347ns  (logic 0.112ns (32.277%)  route 0.235ns (67.723%))
  Logic Levels:           0  
  Clock Path Skew:        0.235ns (DCD - SCD - CPR)
    Destination Clock Delay (DCD):    3.197ns
    Source Clock Delay      (SCD):    2.800ns
    Clock Pessimism Removal (CPR):    0.161ns
  Clock Net Delay (Source):      2.584ns (routing 1.194ns, distribution 1.390ns)
  Clock Net Delay (Destination): 2.930ns (routing 1.304ns, distribution 1.626ns)

    Location             Delay type                Incr(ns)  Path(ns)    Netlist Resource(s)
  -------------------------------------------------------------------    -------------------
                         (clock clk_pl_0 rise edge)
                                                      0.000     0.000 r  
    PS8_X0Y0             PS8                          0.000     0.000 r  system_i/zynq_ultra_ps_e_0/inst/PS8_i/PLCLK[0]
                         net (fo=1, routed)           0.181     0.181    system_i/zynq_ultra_ps_e_0/inst/pl_clk_unbuffered[0]
    BUFG_PS_X0Y80        BUFG_PS (Prop_BUFG_PS_I_O)
                                                      0.035     0.216 r  system_i/zynq_ultra_ps_e_0/inst/buffer_pl_clk_0.PL_CLK_0_BUFG/O
    X1Y2 (CLOCK_ROOT)    net (fo=15569, routed)       2.584     2.800    system_i/dfs_accel_0/inst/control_s_axi_U/ap_clk
    SLICE_X2Y178         FDRE                                         r  system_i/dfs_accel_0/inst/control_s_axi_U/rdata_reg[17]/C
  -------------------------------------------------------------------    -------------------
    SLICE_X2Y178         FDRE (Prop_HFF_SLICEM_C_Q)
                                                      0.112     2.912 r  system_i/dfs_accel_0/inst/control_s_axi_U/rdata_reg[17]/Q
                         net (fo=1, routed)           0.235     3.147    system_i/smartconnect_ctrl/inst/s00_nodes/s00_r_node/inst/inst_mi_handler/gen_normal_area.inst_fifo_node_payld/gen_reg_fifo.inst_reg_fifo/s_sc_payld[19]
    SLICE_X2Y188         FDRE                                         r  system_i/smartconnect_ctrl/inst/s00_nodes/s00_r_node/inst/inst_mi_handler/gen_normal_area.inst_fifo_node_payld/gen_reg_fifo.inst_reg_fifo/gen_single_rank.data_reg[38]/D
  -------------------------------------------------------------------    -------------------

                         (clock clk_pl_0 rise edge)
                                                      0.000     0.000 r  
    PS8_X0Y0             PS8                          0.000     0.000 r  system_i/zynq_ultra_ps_e_0/inst/PS8_i/PLCLK[0]
                         net (fo=1, routed)           0.229     0.229    system_i/zynq_ultra_ps_e_0/inst/pl_clk_unbuffered[0]
    BUFG_PS_X0Y80        BUFG_PS (Prop_BUFG_PS_I_O)
                                                      0.038     0.267 r  system_i/zynq_ultra_ps_e_0/inst/buffer_pl_clk_0.PL_CLK_0_BUFG/O
    X1Y2 (CLOCK_ROOT)    net (fo=15569, routed)       2.930     3.197    system_i/smartconnect_ctrl/inst/s00_nodes/s00_r_node/inst/inst_mi_handler/gen_normal_area.inst_fifo_node_payld/gen_reg_fifo.inst_reg_fifo/s_sc_aclk
    SLICE_X2Y188         FDRE                                         r  system_i/smartconnect_ctrl/inst/s00_nodes/s00_r_node/inst/inst_mi_handler/gen_normal_area.inst_fifo_node_payld/gen_reg_fifo.inst_reg_fifo/gen_single_rank.data_reg[38]/C
                         clock pessimism             -0.161     3.036    
    SLICE_X2Y188         FDRE (Hold_FFF2_SLICEM_C_D)
                                                      0.102     3.138    system_i/smartconnect_ctrl/inst/s00_nodes/s00_r_node/inst/inst_mi_handler/gen_normal_area.inst_fifo_node_payld/gen_reg_fifo.inst_reg_fifo/gen_single_rank.data_reg[38]
  -------------------------------------------------------------------
                         required time                         -3.138    
                         arrival time                           3.147    
  -------------------------------------------------------------------
                         slack                                  0.010    





Pulse Width Checks
--------------------------------------------------------------------------------------
Clock Name:         clk_pl_0
Waveform(ns):       { 0.000 2.500 }
Period(ns):         5.000
Sources:            { system_i/zynq_ultra_ps_e_0/inst/PS8_i/PLCLK[0] }

Check Type        Corner  Lib Pin          Reference Pin  Required(ns)  Actual(ns)  Slack(ns)  Location  Pin
Min Period        n/a     PS8/MAXIGP2ACLK  n/a            3.000         5.000       2.000      PS8_X0Y0  system_i/zynq_ultra_ps_e_0/inst/PS8_i/MAXIGP2ACLK
Low Pulse Width   Slow    PS8/MAXIGP2ACLK  n/a            1.500         2.500       1.000      PS8_X0Y0  system_i/zynq_ultra_ps_e_0/inst/PS8_i/MAXIGP2ACLK
High Pulse Width  Slow    PS8/MAXIGP2ACLK  n/a            1.500         2.500       1.000      PS8_X0Y0  system_i/zynq_ultra_ps_e_0/inst/PS8_i/MAXIGP2ACLK



