Copyright 1986-2022 Xilinx, Inc. All Rights Reserved. Copyright 2022-2024 Advanced Micro Devices, Inc. All Rights Reserved.
--------------------------------------------------------------------------------------------------------------------------------------------------
| Tool Version      : Vivado v.2024.1 (lin64) Build 5076996 Wed May 22 18:36:09 MDT 2024
| Date              : Sun Aug  2 20:12:07 2026
| Host              : fabio-HP-Notebook running 64-bit Ubuntu 26.04 LTS
| Command           : report_timing_summary -delay_type min_max -file /home/fabio/AltoNivel/DFS/src/vivado/reports/timing_summary.rpt
| Design            : system_wrapper
| Device            : xck26-sfvc784
| Speed File        : -2LV  PRODUCTION 1.30 05-15-2022
| Design State      : Routed
| Temperature Grade : C
--------------------------------------------------------------------------------------------------------------------------------------------------

Timing Summary Report

------------------------------------------------------------------------------------------------
| Timer Settings
| --------------
------------------------------------------------------------------------------------------------

  Enable Multi Corner Analysis               :  Yes
  Enable Pessimism Removal                   :  Yes
  Pessimism Removal Resolution               :  Nearest Common Node
  Enable Input Delay Default Clock           :  No
  Enable Preset / Clear Arcs                 :  No
  Disable Flight Delays                      :  No
  Ignore I/O Paths                           :  No
  Timing Early Launch at Borrowing Latches   :  No
  Borrow Time for Max Delay Exceptions       :  Yes
  Merge Timing Exceptions                    :  Yes
  Inter-SLR Compensation                     :  Conservative

  Corner  Analyze    Analyze    
  Name    Max Paths  Min Paths  
  ------  ---------  ---------  
  Slow    Yes        Yes        
  Fast    Yes        Yes        


------------------------------------------------------------------------------------------------
| Report Methodology
| ------------------
------------------------------------------------------------------------------------------------

No report available as report_methodology has not been run prior. Run report_methodology on the current design for the summary of methodology violations.



check_timing report

Table of Contents
-----------------
1. checking no_clock (0)
2. checking constant_clock (0)
3. checking pulse_width_clock (0)
4. checking unconstrained_internal_endpoints (0)
5. checking no_input_delay (0)
6. checking no_output_delay (0)
7. checking multiple_clock (0)
8. checking generated_clocks (0)
9. checking loops (0)
10. checking partial_input_delay (0)
11. checking partial_output_delay (0)
12. checking latch_loops (0)

1. checking no_clock (0)
------------------------
 There are 0 register/latch pins with no clock.


2. checking constant_clock (0)
------------------------------
 There are 0 register/latch pins with constant_clock.


3. checking pulse_width_clock (0)
---------------------------------
 There are 0 register/latch pins which need pulse_width check


4. checking unconstrained_internal_endpoints (0)
------------------------------------------------
 There are 0 pins that are not constrained for maximum delay.

 There are 0 pins that are not constrained for maximum delay due to constant clock.


5. checking no_input_delay (0)
------------------------------
 There are 0 input ports with no input delay specified.

 There are 0 input ports with no input delay but user has a false path constraint.


6. checking no_output_delay (0)
-------------------------------
 There are 0 ports with no output delay specified.

 There are 0 ports with no output delay but user has a false path constraint

 There are 0 ports with no output delay but with a timing clock defined on it or propagating through it


7. checking multiple_clock (0)
------------------------------
 There are 0 register/latch pins with multiple clocks.


8. checking generated_clocks (0)
--------------------------------
 There are 0 generated clocks that are not connected to a clock source.


9. checking loops (0)
---------------------
 There are 0 combinational loops in the design.


10. checking partial_input_delay (0)
------------------------------------
 There are 0 input ports with partial input delay specified.


11. checking partial_output_delay (0)
-------------------------------------
 There are 0 ports with partial output delay specified.


12. checking latch_loops (0)
----------------------------
 There are 0 combinational latch loops in the design through latch input



------------------------------------------------------------------------------------------------
| Design Timing Summary
| ---------------------
------------------------------------------------------------------------------------------------

    WNS(ns)      TNS(ns)  TNS Failing Endpoints  TNS Total Endpoints      WHS(ns)      THS(ns)  THS Failing Endpoints  THS Total Endpoints     WPWS(ns)     TPWS(ns)  TPWS Failing Endpoints  TPWS Total Endpoints  
    -------      -------  ---------------------  -------------------      -------      -------  ---------------------  -------------------     --------     --------  ----------------------  --------------------  
     -0.909     -412.124                   1681                55912        0.011        0.000                      0                55912        0.500        0.000                       0                 15422  


Timing constraints are not met.


------------------------------------------------------------------------------------------------
| Clock Summary
| -------------
------------------------------------------------------------------------------------------------

Clock     Waveform(ns)         Period(ns)      Frequency(MHz)
-----     ------------         ----------      --------------
clk_pl_0  {0.000 2.000}        4.000           250.000         
clk_pl_1  {0.000 5.000}        10.000          100.000         


------------------------------------------------------------------------------------------------
| Intra Clock Table
| -----------------
------------------------------------------------------------------------------------------------

Clock             WNS(ns)      TNS(ns)  TNS Failing Endpoints  TNS Total Endpoints      WHS(ns)      THS(ns)  THS Failing Endpoints  THS Total Endpoints     WPWS(ns)     TPWS(ns)  TPWS Failing Endpoints  TPWS Total Endpoints  
-----             -------      -------  ---------------------  -------------------      -------      -------  ---------------------  -------------------     --------     --------  ----------------------  --------------------  
clk_pl_0           -0.909     -412.124                   1681                55912        0.011        0.000                      0                55912        0.500        0.000                       0                 15422  


------------------------------------------------------------------------------------------------
| Inter Clock Table
| -----------------
------------------------------------------------------------------------------------------------

From Clock    To Clock          WNS(ns)      TNS(ns)  TNS Failing Endpoints  TNS Total Endpoints      WHS(ns)      THS(ns)  THS Failing Endpoints  THS Total Endpoints  
----------    --------          -------      -------  ---------------------  -------------------      -------      -------  ---------------------  -------------------  


------------------------------------------------------------------------------------------------
| Other Path Groups Table
| -----------------------
------------------------------------------------------------------------------------------------

Path Group    From Clock    To Clock          WNS(ns)      TNS(ns)  TNS Failing Endpoints  TNS Total Endpoints      WHS(ns)      THS(ns)  THS Failing Endpoints  THS Total Endpoints  
----------    ----------    --------          -------      -------  ---------------------  -------------------      -------      -------  ---------------------  -------------------  


------------------------------------------------------------------------------------------------
| Timing Details
| --------------
------------------------------------------------------------------------------------------------


---------------------------------------------------------------------------------------------------
From Clock:  clk_pl_0
  To Clock:  clk_pl_0

Setup :         1681  Failing Endpoints,  Worst Slack       -0.909ns,  Total Violation     -412.124ns
Hold  :            0  Failing Endpoints,  Worst Slack        0.011ns,  Total Violation        0.000ns
PW    :            0  Failing Endpoints,  Worst Slack        0.500ns,  Total Violation        0.000ns
---------------------------------------------------------------------------------------------------


Max Delay Paths
--------------------------------------------------------------------------------------
Slack (VIOLATED) :        -0.909ns  (required time - arrival time)
  Source:                 system_i/dfs_accel_0/inst/p_anonymous_namespace_engine_frames_next_U/ram_reg_bram_0/CLKARDCLK
                            (rising edge-triggered cell RAMB36E2 clocked by clk_pl_0  {rise@0.000ns fall@2.000ns period=4.000ns})
  Destination:            system_i/dfs_accel_0/inst/p_anonymous_namespace_engine_frames_best_U/ram_reg_bram_0/ADDRBWRADDR[4]
                            (rising edge-triggered cell RAMB36E2 clocked by clk_pl_0  {rise@0.000ns fall@2.000ns period=4.000ns})
  Path Group:             clk_pl_0
  Path Type:              Setup (Max at Slow Process Corner)
  Requirement:            4.000ns  (clk_pl_0 rise@4.000ns - clk_pl_0 rise@0.000ns)
  Data Path Delay:        3.842ns  (logic 2.137ns (55.626%)  route 1.705ns (44.374%))
  Logic Levels:           6  (CARRY8=1 LUT2=1 LUT4=2 LUT6=2)
  Clock Path Skew:        -0.399ns (DCD - SCD + CPR)
    Destination Clock Delay (DCD):    2.605ns = ( 6.605 - 4.000 ) 
    Source Clock Delay      (SCD):    3.222ns
    Clock Pessimism Removal (CPR):    0.218ns
  Clock Uncertainty:      0.122ns  ((TSJ^2 + DJ^2)^1/2) / 2 + PE
    Total System Jitter     (TSJ):    0.071ns
    Discrete Jitter          (DJ):    0.233ns
    Phase Error              (PE):    0.000ns
  Clock Net Delay (Source):      2.955ns (routing 1.304ns, distribution 1.651ns)
  Clock Net Delay (Destination): 2.389ns (routing 1.194ns, distribution 1.195ns)

    Location             Delay type                Incr(ns)  Path(ns)    Netlist Resource(s)
  -------------------------------------------------------------------    -------------------
                         (clock clk_pl_0 rise edge)
                                                      0.000     0.000 r  
    PS8_X0Y0             PS8                          0.000     0.000 r  system_i/zynq_ultra_ps_e_0/inst/PS8_i/PLCLK[0]
                         net (fo=1, routed)           0.229     0.229    system_i/zynq_ultra_ps_e_0/inst/pl_clk_unbuffered[0]
    BUFG_PS_X0Y80        BUFG_PS (Prop_BUFG_PS_I_O)
                                                      0.038     0.267 r  system_i/zynq_ultra_ps_e_0/inst/buffer_pl_clk_0.PL_CLK_0_BUFG/O
    X1Y2 (CLOCK_ROOT)    net (fo=15664, routed)       2.955     3.222    system_i/dfs_accel_0/inst/p_anonymous_namespace_engine_frames_next_U/ap_clk
    RAMB36_X0Y29         RAMB36E2                                     r  system_i/dfs_accel_0/inst/p_anonymous_namespace_engine_frames_next_U/ram_reg_bram_0/CLKARDCLK
  -------------------------------------------------------------------    -------------------
    RAMB36_X0Y29         RAMB36E2 (Prop_RAMB36E2_RAMB36_CLKARDCLK_DOUTADOUT[2])
                                                      1.356     4.578 r  system_i/dfs_accel_0/inst/p_anonymous_namespace_engine_frames_next_U/ram_reg_bram_0/DOUTADOUT[2]
                         net (fo=30, routed)          0.478     5.056    system_i/dfs_accel_0/inst/p_anonymous_namespace_engine_frames_next_U/DOUTADOUT[2]
    SLICE_X27Y151        LUT4 (Prop_A6LUT_SLICEL_I2_O)
                                                      0.152     5.208 r  system_i/dfs_accel_0/inst/p_anonymous_namespace_engine_frames_next_U/icmp_ln267_fu_463_p2_carry_i_4/O
                         net (fo=1, routed)           0.014     5.222    system_i/dfs_accel_0/inst/grp_p_anonymous_namespace_run_longest_increasing_path_fu_586/grp_p_anonymous_namespace_run_longest_increasing_path_Pipeline_VITIS_LOOP_253_4_fu_168/S[0]
    SLICE_X27Y151        CARRY8 (Prop_CARRY8_SLICEL_S[0]_CO[2])
                                                      0.181     5.403 r  system_i/dfs_accel_0/inst/grp_p_anonymous_namespace_run_longest_increasing_path_fu_586/grp_p_anonymous_namespace_run_longest_increasing_path_Pipeline_VITIS_LOOP_253_4_fu_168/icmp_ln267_fu_463_p2_carry/CO[2]
                         net (fo=8, routed)           0.209     5.611    system_i/dfs_accel_0/inst/grp_p_anonymous_namespace_run_longest_increasing_path_fu_586/grp_p_anonymous_namespace_run_longest_increasing_path_Pipeline_VITIS_LOOP_253_4_fu_168/icmp_ln267_fu_463_p2
    SLICE_X27Y153        LUT4 (Prop_F6LUT_SLICEL_I0_O)
                                                      0.081     5.692 f  system_i/dfs_accel_0/inst/grp_p_anonymous_namespace_run_longest_increasing_path_fu_586/grp_p_anonymous_namespace_run_longest_increasing_path_Pipeline_VITIS_LOOP_253_4_fu_168/ram_reg_bram_0_i_64__1/O
                         net (fo=1, routed)           0.280     5.972    system_i/dfs_accel_0/inst/grp_p_anonymous_namespace_run_longest_increasing_path_fu_586/grp_p_anonymous_namespace_run_longest_increasing_path_Pipeline_VITIS_LOOP_253_4_fu_168/p_anonymous_namespace_engine_frames_best_address0_local1__5
    SLICE_X25Y158        LUT6 (Prop_A6LUT_SLICEM_I0_O)
                                                      0.058     6.030 f  system_i/dfs_accel_0/inst/grp_p_anonymous_namespace_run_longest_increasing_path_fu_586/grp_p_anonymous_namespace_run_longest_increasing_path_Pipeline_VITIS_LOOP_253_4_fu_168/ram_reg_bram_0_i_61__1/O
                         net (fo=2, routed)           0.108     6.138    system_i/dfs_accel_0/inst/grp_p_anonymous_namespace_run_longest_increasing_path_fu_586/grp_p_anonymous_namespace_run_longest_increasing_path_Pipeline_VITIS_LOOP_253_4_fu_168/ram_reg_bram_0_i_61__1_n_2
    SLICE_X25Y159        LUT2 (Prop_E6LUT_SLICEM_I1_O)
                                                      0.083     6.221 r  system_i/dfs_accel_0/inst/grp_p_anonymous_namespace_run_longest_increasing_path_fu_586/grp_p_anonymous_namespace_run_longest_increasing_path_Pipeline_VITIS_LOOP_253_4_fu_168/ram_reg_bram_0_i_52__1/O
                         net (fo=12, routed)          0.154     6.376    system_i/dfs_accel_0/inst/grp_p_anonymous_namespace_run_longest_increasing_path_fu_586/grp_p_anonymous_namespace_run_longest_increasing_path_Pipeline_VITIS_LOOP_253_4_fu_168/ram_reg_bram_0_i_52__1_n_2
    SLICE_X25Y159        LUT6 (Prop_G6LUT_SLICEM_I3_O)
                                                      0.226     6.602 r  system_i/dfs_accel_0/inst/grp_p_anonymous_namespace_run_longest_increasing_path_fu_586/grp_p_anonymous_namespace_run_longest_increasing_path_Pipeline_VITIS_LOOP_253_4_fu_168/ram_reg_bram_0_i_25__6/O
                         net (fo=2, routed)           0.462     7.064    system_i/dfs_accel_0/inst/p_anonymous_namespace_engine_frames_best_U/address0[1]
    RAMB36_X0Y33         RAMB36E2                                     r  system_i/dfs_accel_0/inst/p_anonymous_namespace_engine_frames_best_U/ram_reg_bram_0/ADDRBWRADDR[4]
  -------------------------------------------------------------------    -------------------

                         (clock clk_pl_0 rise edge)
                                                      4.000     4.000 r  
    PS8_X0Y0             PS8                          0.000     4.000 r  system_i/zynq_ultra_ps_e_0/inst/PS8_i/PLCLK[0]
                         net (fo=1, routed)           0.181     4.181    system_i/zynq_ultra_ps_e_0/inst/pl_clk_unbuffered[0]
    BUFG_PS_X0Y80        BUFG_PS (Prop_BUFG_PS_I_O)
                                                      0.035     4.216 r  system_i/zynq_ultra_ps_e_0/inst/buffer_pl_clk_0.PL_CLK_0_BUFG/O
    X1Y2 (CLOCK_ROOT)    net (fo=15664, routed)       2.389     6.605    system_i/dfs_accel_0/inst/p_anonymous_namespace_engine_frames_best_U/ap_clk
    RAMB36_X0Y33         RAMB36E2                                     r  system_i/dfs_accel_0/inst/p_anonymous_namespace_engine_frames_best_U/ram_reg_bram_0/CLKBWRCLK
                         clock pessimism              0.218     6.823    
                         clock uncertainty           -0.122     6.701    
    RAMB36_X0Y33         RAMB36E2 (Setup_RAMB36E2_RAMB36_CLKBWRCLK_ADDRBWRADDR[4])
                                                     -0.547     6.154    system_i/dfs_accel_0/inst/p_anonymous_namespace_engine_frames_best_U/ram_reg_bram_0
  -------------------------------------------------------------------
                         required time                          6.154    
                         arrival time                          -7.064    
  -------------------------------------------------------------------
                         slack                                 -0.909    





Min Delay Paths
--------------------------------------------------------------------------------------
Slack (MET) :             0.011ns  (arrival time - required time)
  Source:                 system_i/dfs_accel_0/inst/gmem2_m_axi_U/bus_write/wreq_throttle/data_fifo/U_fifo_srl/dout_reg[3]/C
                            (rising edge-triggered cell FDRE clocked by clk_pl_0  {rise@0.000ns fall@2.000ns period=4.000ns})
  Destination:            system_i/smartconnect_data/inst/s02_entry_pipeline/s02_mmu/inst/w_sreg/skid_buffer_reg[1028]/D
                            (rising edge-triggered cell FDRE clocked by clk_pl_0  {rise@0.000ns fall@2.000ns period=4.000ns})
  Path Group:             clk_pl_0
  Path Type:              Hold (Min at Slow Process Corner)
  Requirement:            0.000ns  (clk_pl_0 rise@0.000ns - clk_pl_0 rise@0.000ns)
  Data Path Delay:        0.246ns  (logic 0.112ns (45.601%)  route 0.134ns (54.399%))
  Logic Levels:           0  
  Clock Path Skew:        0.134ns (DCD - SCD - CPR)
    Destination Clock Delay (DCD):    3.139ns
    Source Clock Delay      (SCD):    2.795ns
    Clock Pessimism Removal (CPR):    0.210ns
  Clock Net Delay (Source):      2.579ns (routing 1.194ns, distribution 1.385ns)
  Clock Net Delay (Destination): 2.872ns (routing 1.304ns, distribution 1.568ns)

    Location             Delay type                Incr(ns)  Path(ns)    Netlist Resource(s)
  -------------------------------------------------------------------    -------------------
                         (clock clk_pl_0 rise edge)
                                                      0.000     0.000 r  
    PS8_X0Y0             PS8                          0.000     0.000 r  system_i/zynq_ultra_ps_e_0/inst/PS8_i/PLCLK[0]
                         net (fo=1, routed)           0.181     0.181    system_i/zynq_ultra_ps_e_0/inst/pl_clk_unbuffered[0]
    BUFG_PS_X0Y80        BUFG_PS (Prop_BUFG_PS_I_O)
                                                      0.035     0.216 r  system_i/zynq_ultra_ps_e_0/inst/buffer_pl_clk_0.PL_CLK_0_BUFG/O
    X1Y2 (CLOCK_ROOT)    net (fo=15664, routed)       2.579     2.795    system_i/dfs_accel_0/inst/gmem2_m_axi_U/bus_write/wreq_throttle/data_fifo/U_fifo_srl/ap_clk
    SLICE_X7Y116         FDRE                                         r  system_i/dfs_accel_0/inst/gmem2_m_axi_U/bus_write/wreq_throttle/data_fifo/U_fifo_srl/dout_reg[3]/C
  -------------------------------------------------------------------    -------------------
    SLICE_X7Y116         FDRE (Prop_DFF_SLICEM_C_Q)
                                                      0.112     2.907 r  system_i/dfs_accel_0/inst/gmem2_m_axi_U/bus_write/wreq_throttle/data_fifo/U_fifo_srl/dout_reg[3]/Q
                         net (fo=2, routed)           0.134     3.041    system_i/smartconnect_data/inst/s02_entry_pipeline/s02_mmu/inst/w_sreg/D[4]
    SLICE_X5Y116         FDRE                                         r  system_i/smartconnect_data/inst/s02_entry_pipeline/s02_mmu/inst/w_sreg/skid_buffer_reg[1028]/D
  -------------------------------------------------------------------    -------------------

                         (clock clk_pl_0 rise edge)
                                                      0.000     0.000 r  
    PS8_X0Y0             PS8                          0.000     0.000 r  system_i/zynq_ultra_ps_e_0/inst/PS8_i/PLCLK[0]
                         net (fo=1, routed)           0.229     0.229    system_i/zynq_ultra_ps_e_0/inst/pl_clk_unbuffered[0]
    BUFG_PS_X0Y80        BUFG_PS (Prop_BUFG_PS_I_O)
                                                      0.038     0.267 r  system_i/zynq_ultra_ps_e_0/inst/buffer_pl_clk_0.PL_CLK_0_BUFG/O
    X1Y2 (CLOCK_ROOT)    net (fo=15664, routed)       2.872     3.139    system_i/smartconnect_data/inst/s02_entry_pipeline/s02_mmu/inst/w_sreg/aclk
    SLICE_X5Y116         FDRE                                         r  system_i/smartconnect_data/inst/s02_entry_pipeline/s02_mmu/inst/w_sreg/skid_buffer_reg[1028]/C
                         clock pessimism             -0.210     2.929    
    SLICE_X5Y116         FDRE (Hold_EFF_SLICEM_C_D)
                                                      0.101     3.030    system_i/smartconnect_data/inst/s02_entry_pipeline/s02_mmu/inst/w_sreg/skid_buffer_reg[1028]
  -------------------------------------------------------------------
                         required time                         -3.030    
                         arrival time                           3.041    
  -------------------------------------------------------------------
                         slack                                  0.011    





Pulse Width Checks
--------------------------------------------------------------------------------------
Clock Name:         clk_pl_0
Waveform(ns):       { 0.000 2.000 }
Period(ns):         4.000
Sources:            { system_i/zynq_ultra_ps_e_0/inst/PS8_i/PLCLK[0] }

Check Type        Corner  Lib Pin          Reference Pin  Required(ns)  Actual(ns)  Slack(ns)  Location  Pin
Min Period        n/a     PS8/MAXIGP2ACLK  n/a            3.000         4.000       1.000      PS8_X0Y0  system_i/zynq_ultra_ps_e_0/inst/PS8_i/MAXIGP2ACLK
Low Pulse Width   Slow    PS8/MAXIGP2ACLK  n/a            1.500         2.000       0.500      PS8_X0Y0  system_i/zynq_ultra_ps_e_0/inst/PS8_i/MAXIGP2ACLK
High Pulse Width  Slow    PS8/MAXIGP2ACLK  n/a            1.500         2.000       0.500      PS8_X0Y0  system_i/zynq_ultra_ps_e_0/inst/PS8_i/MAXIGP2ACLK



